Component: ARM Compiler 5.06 update 6 (build 750) Tool: armlink [4d35ed]

==============================================================================

Section Cross References

    main.o(i.main) refers to bissc.o(i.bissc_init) for bissc_init
    main.o(i.main) refers to bissc.o(i.bissc_read) for bissc_read
    main.o(i.main) refers to main.o(.bss) for bissc_test
    main.o(i.main) refers to main.o(.data) for last_frame
    bissc.o(i.bissc_init) refers to bissc.o(i.BISS_vSensorModeSingle) for BISS_vSensorModeSingle
    bissc.o(i.bissc_read) refers to bissc.o(i.BISS_vSensorModeSingle) for BISS_vSensorModeSingle
    bissc.o(i.bissc_read) refers to bissc.o(i.fast_crc6) for fast_crc6
    bissc.o(i.fast_crc6) refers to bissc.o(.data) for crc6_table
    startup_xmc4800.o(STACK) refers (Special) to heapauxi.o(.text) for __use_two_region_memory
    startup_xmc4800.o(HEAP) refers (Special) to heapauxi.o(.text) for __use_two_region_memory
    startup_xmc4800.o(RESET) refers (Special) to heapauxi.o(.text) for __use_two_region_memory
    startup_xmc4800.o(RESET) refers to startup_xmc4800.o(STACK) for __initial_sp
    startup_xmc4800.o(RESET) refers to startup_xmc4800.o(.text) for Reset_Handler
    startup_xmc4800.o(.text) refers (Special) to heapauxi.o(.text) for __use_two_region_memory
    startup_xmc4800.o(.text) refers to startup_xmc4800.o(STACK) for __initial_sp
    startup_xmc4800.o(.text) refers to system_xmc4800.o(i.SystemInit) for SystemInit
    startup_xmc4800.o(.text) refers to __main.o(!!!main) for __main
    startup_xmc4800.o(.text) refers to startup_xmc4800.o(HEAP) for Heap_Mem
    system_xmc4800.o(i.SystemCoreClockSetup) refers to system_xmc4800.o(i.delay) for delay
    system_xmc4800.o(i.SystemCoreClockSetup) refers to system_xmc4800.o(i.OSCHP_GetFrequency) for OSCHP_GetFrequency
    system_xmc4800.o(i.SystemCoreClockSetup) refers to system_xmc4800.o(i.SystemCoreClockUpdate) for SystemCoreClockUpdate
    system_xmc4800.o(i.SystemCoreClockUpdate) refers to system_xmc4800.o(i.OSCHP_GetFrequency) for OSCHP_GetFrequency
    system_xmc4800.o(i.SystemCoreClockUpdate) refers to system_xmc4800.o(.ARM.__AT_0x2003FFC0) for SystemCoreClock
    system_xmc4800.o(i.SystemCoreSetup) refers to startup_xmc4800.o(RESET) for __Vectors
    system_xmc4800.o(i.SystemInit) refers to rt_memcpy_v6.o(.text) for __aeabi_memcpy
    system_xmc4800.o(i.SystemInit) refers to system_xmc4800.o(i.SystemCoreSetup) for SystemCoreSetup
    system_xmc4800.o(i.SystemInit) refers to system_xmc4800.o(i.SystemCoreClockSetup) for SystemCoreClockSetup
    system_xmc4800.o(i.SystemInit) refers to system_xmc4800.o(.ARM.__AT_0x2003FFC4) for g_chipid
    rt_memcpy_v6.o(.text) refers to rt_memcpy_w.o(.text) for __aeabi_memcpy4
    __main.o(!!!main) refers to __rtentry.o(.ARM.Collect$$rtentry$$00000000) for __rt_entry
    __rtentry.o(.ARM.Collect$$rtentry$$00000000) refers (Special) to __rtentry2.o(.ARM.Collect$$rtentry$$0000000A) for __rt_entry_li
    __rtentry.o(.ARM.Collect$$rtentry$$00000000) refers (Special) to __rtentry2.o(.ARM.Collect$$rtentry$$0000000D) for __rt_entry_main
    __rtentry.o(.ARM.Collect$$rtentry$$00000000) refers (Special) to __rtentry2.o(.ARM.Collect$$rtentry$$0000000C) for __rt_entry_postli_1
    __rtentry.o(.ARM.Collect$$rtentry$$00000000) refers (Special) to __rtentry2.o(.ARM.Collect$$rtentry$$00000009) for __rt_entry_postsh_1
    __rtentry.o(.ARM.Collect$$rtentry$$00000000) refers (Special) to __rtentry2.o(.ARM.Collect$$rtentry$$00000002) for __rt_entry_presh_1
    __rtentry.o(.ARM.Collect$$rtentry$$00000000) refers (Special) to __rtentry4.o(.ARM.Collect$$rtentry$$00000004) for __rt_entry_sh
    __rtentry2.o(.ARM.Collect$$rtentry$$00000008) refers to boardinit2.o(.text) for _platform_post_stackheap_init
    __rtentry2.o(.ARM.Collect$$rtentry$$0000000A) refers to libinit.o(.ARM.Collect$$libinit$$00000000) for __rt_lib_init
    __rtentry2.o(.ARM.Collect$$rtentry$$0000000B) refers to boardinit3.o(.text) for _platform_post_lib_init
    __rtentry2.o(.ARM.Collect$$rtentry$$0000000D) refers to main.o(i.main) for main
    __rtentry2.o(.ARM.Collect$$rtentry$$0000000D) refers to exit.o(.text) for exit
    __rtentry2.o(.ARM.exidx) refers to __rtentry2.o(.ARM.Collect$$rtentry$$00000001) for .ARM.Collect$$rtentry$$00000001
    __rtentry2.o(.ARM.exidx) refers to __rtentry2.o(.ARM.Collect$$rtentry$$00000008) for .ARM.Collect$$rtentry$$00000008
    __rtentry2.o(.ARM.exidx) refers to __rtentry2.o(.ARM.Collect$$rtentry$$0000000A) for .ARM.Collect$$rtentry$$0000000A
    __rtentry2.o(.ARM.exidx) refers to __rtentry2.o(.ARM.Collect$$rtentry$$0000000B) for .ARM.Collect$$rtentry$$0000000B
    __rtentry2.o(.ARM.exidx) refers to __rtentry2.o(.ARM.Collect$$rtentry$$0000000D) for .ARM.Collect$$rtentry$$0000000D
    __rtentry4.o(.ARM.Collect$$rtentry$$00000004) refers to sys_stackheap_outer.o(.text) for __user_setup_stackheap
    __rtentry4.o(.ARM.exidx) refers to __rtentry4.o(.ARM.Collect$$rtentry$$00000004) for .ARM.Collect$$rtentry$$00000004
    sys_stackheap_outer.o(.text) refers to libspace.o(.text) for __user_perproc_libspace
    sys_stackheap_outer.o(.text) refers to startup_xmc4800.o(.text) for __user_initial_stackheap
    exit.o(.text) refers to rtexit.o(.ARM.Collect$$rtexit$$00000000) for __rt_exit
    libinit.o(.ARM.Collect$$libinit$$00000000) refers (Special) to libinit2.o(.ARM.Collect$$libinit$$0000002E) for __rt_lib_init_alloca_1
    libinit.o(.ARM.Collect$$libinit$$00000000) refers (Special) to libinit2.o(.ARM.Collect$$libinit$$0000002C) for __rt_lib_init_argv_1
    libinit.o(.ARM.Collect$$libinit$$00000000) refers (Special) to libinit2.o(.ARM.Collect$$libinit$$0000001B) for __rt_lib_init_atexit_1
    libinit.o(.ARM.Collect$$libinit$$00000000) refers (Special) to libinit2.o(.ARM.Collect$$libinit$$00000021) for __rt_lib_init_clock_1
    libinit.o(.ARM.Collect$$libinit$$00000000) refers (Special) to libinit2.o(.ARM.Collect$$libinit$$00000032) for __rt_lib_init_cpp_1
    libinit.o(.ARM.Collect$$libinit$$00000000) refers (Special) to libinit2.o(.ARM.Collect$$libinit$$00000030) for __rt_lib_init_exceptions_1
    libinit.o(.ARM.Collect$$libinit$$00000000) refers (Special) to libinit2.o(.ARM.Collect$$libinit$$00000001) for __rt_lib_init_fp_1
    libinit.o(.ARM.Collect$$libinit$$00000000) refers (Special) to libinit2.o(.ARM.Collect$$libinit$$0000001F) for __rt_lib_init_fp_trap_1
    libinit.o(.ARM.Collect$$libinit$$00000000) refers (Special) to libinit2.o(.ARM.Collect$$libinit$$00000023) for __rt_lib_init_getenv_1
    libinit.o(.ARM.Collect$$libinit$$00000000) refers (Special) to libinit2.o(.ARM.Collect$$libinit$$0000000A) for __rt_lib_init_heap_1
    libinit.o(.ARM.Collect$$libinit$$00000000) refers (Special) to libinit2.o(.ARM.Collect$$libinit$$00000011) for __rt_lib_init_lc_collate_1
    libinit.o(.ARM.Collect$$libinit$$00000000) refers (Special) to libinit2.o(.ARM.Collect$$libinit$$00000013) for __rt_lib_init_lc_ctype_1
    libinit.o(.ARM.Collect$$libinit$$00000000) refers (Special) to libinit2.o(.ARM.Collect$$libinit$$00000015) for __rt_lib_init_lc_monetary_1
    libinit.o(.ARM.Collect$$libinit$$00000000) refers (Special) to libinit2.o(.ARM.Collect$$libinit$$00000017) for __rt_lib_init_lc_numeric_1
    libinit.o(.ARM.Collect$$libinit$$00000000) refers (Special) to libinit2.o(.ARM.Collect$$libinit$$00000019) for __rt_lib_init_lc_time_1
    libinit.o(.ARM.Collect$$libinit$$00000000) refers (Special) to libinit2.o(.ARM.Collect$$libinit$$00000004) for __rt_lib_init_preinit_1
    libinit.o(.ARM.Collect$$libinit$$00000000) refers (Special) to libinit2.o(.ARM.Collect$$libinit$$0000000E) for __rt_lib_init_rand_1
    libinit.o(.ARM.Collect$$libinit$$00000000) refers (Special) to libinit2.o(.ARM.Collect$$libinit$$00000033) for __rt_lib_init_return
    libinit.o(.ARM.Collect$$libinit$$00000000) refers (Special) to libinit2.o(.ARM.Collect$$libinit$$0000001D) for __rt_lib_init_signal_1
    libinit.o(.ARM.Collect$$libinit$$00000000) refers (Special) to libinit2.o(.ARM.Collect$$libinit$$00000025) for __rt_lib_init_stdio_1
    libinit.o(.ARM.Collect$$libinit$$00000000) refers (Special) to libinit2.o(.ARM.Collect$$libinit$$0000000C) for __rt_lib_init_user_alloc_1
    libspace.o(.text) refers to libspace.o(.bss) for __libspace_start
    rtexit.o(.ARM.Collect$$rtexit$$00000000) refers (Special) to rtexit2.o(.ARM.Collect$$rtexit$$00000004) for __rt_exit_exit
    rtexit.o(.ARM.Collect$$rtexit$$00000000) refers (Special) to rtexit2.o(.ARM.Collect$$rtexit$$00000003) for __rt_exit_ls
    rtexit.o(.ARM.Collect$$rtexit$$00000000) refers (Special) to rtexit2.o(.ARM.Collect$$rtexit$$00000002) for __rt_exit_prels_1
    rtexit.o(.ARM.exidx) refers (Special) to rtexit2.o(.ARM.Collect$$rtexit$$00000004) for __rt_exit_exit
    rtexit.o(.ARM.exidx) refers (Special) to rtexit2.o(.ARM.Collect$$rtexit$$00000003) for __rt_exit_ls
    rtexit.o(.ARM.exidx) refers (Special) to rtexit2.o(.ARM.Collect$$rtexit$$00000002) for __rt_exit_prels_1
    rtexit.o(.ARM.exidx) refers to rtexit.o(.ARM.Collect$$rtexit$$00000000) for .ARM.Collect$$rtexit$$00000000
    libinit2.o(.ARM.Collect$$libinit$$00000001) refers to fpinit.o(x$fpl$fpinit) for _fp_init
    libinit2.o(.ARM.Collect$$libinit$$00000010) refers to libinit2.o(.ARM.Collect$$libinit$$0000000F) for .ARM.Collect$$libinit$$0000000F
    libinit2.o(.ARM.Collect$$libinit$$00000012) refers to libinit2.o(.ARM.Collect$$libinit$$0000000F) for .ARM.Collect$$libinit$$0000000F
    libinit2.o(.ARM.Collect$$libinit$$00000014) refers to libinit2.o(.ARM.Collect$$libinit$$0000000F) for .ARM.Collect$$libinit$$0000000F
    libinit2.o(.ARM.Collect$$libinit$$00000016) refers to libinit2.o(.ARM.Collect$$libinit$$0000000F) for .ARM.Collect$$libinit$$0000000F
    libinit2.o(.ARM.Collect$$libinit$$00000018) refers to libinit2.o(.ARM.Collect$$libinit$$0000000F) for .ARM.Collect$$libinit$$0000000F
    libinit2.o(.ARM.Collect$$libinit$$00000026) refers to argv_veneer.o(.emb_text) for __ARM_argv_veneer
    libinit2.o(.ARM.Collect$$libinit$$00000027) refers to argv_veneer.o(.emb_text) for __ARM_argv_veneer
    rtexit2.o(.ARM.Collect$$rtexit$$00000003) refers to libshutdown.o(.ARM.Collect$$libshutdown$$00000000) for __rt_lib_shutdown
    rtexit2.o(.ARM.Collect$$rtexit$$00000004) refers to sys_exit.o(.text) for _sys_exit
    rtexit2.o(.ARM.exidx) refers to rtexit2.o(.ARM.Collect$$rtexit$$00000001) for .ARM.Collect$$rtexit$$00000001
    rtexit2.o(.ARM.exidx) refers to rtexit2.o(.ARM.Collect$$rtexit$$00000003) for .ARM.Collect$$rtexit$$00000003
    rtexit2.o(.ARM.exidx) refers to rtexit2.o(.ARM.Collect$$rtexit$$00000004) for .ARM.Collect$$rtexit$$00000004
    argv_veneer.o(.emb_text) refers to no_argv.o(.text) for __ARM_get_argv
    sys_exit.o(.text) refers (Special) to use_no_semi.o(.text) for __I$use$semihosting
    sys_exit.o(.text) refers (Special) to indicate_semi.o(.text) for __semihosting_library_function
    _get_argv_nomalloc.o(.text) refers (Special) to hrguard.o(.text) for __heap_region$guard
    _get_argv_nomalloc.o(.text) refers to defsig_rtmem_outer.o(.text) for __rt_SIGRTMEM
    _get_argv_nomalloc.o(.text) refers to sys_command.o(.text) for _sys_command_string
    libshutdown.o(.ARM.Collect$$libshutdown$$00000000) refers (Special) to libshutdown2.o(.ARM.Collect$$libshutdown$$00000002) for __rt_lib_shutdown_cpp_1
    libshutdown.o(.ARM.Collect$$libshutdown$$00000000) refers (Special) to libshutdown2.o(.ARM.Collect$$libshutdown$$00000007) for __rt_lib_shutdown_fp_trap_1
    libshutdown.o(.ARM.Collect$$libshutdown$$00000000) refers (Special) to libshutdown2.o(.ARM.Collect$$libshutdown$$0000000F) for __rt_lib_shutdown_heap_1
    libshutdown.o(.ARM.Collect$$libshutdown$$00000000) refers (Special) to libshutdown2.o(.ARM.Collect$$libshutdown$$00000010) for __rt_lib_shutdown_return
    libshutdown.o(.ARM.Collect$$libshutdown$$00000000) refers (Special) to libshutdown2.o(.ARM.Collect$$libshutdown$$0000000A) for __rt_lib_shutdown_signal_1
    libshutdown.o(.ARM.Collect$$libshutdown$$00000000) refers (Special) to libshutdown2.o(.ARM.Collect$$libshutdown$$00000004) for __rt_lib_shutdown_stdio_1
    libshutdown.o(.ARM.Collect$$libshutdown$$00000000) refers (Special) to libshutdown2.o(.ARM.Collect$$libshutdown$$0000000C) for __rt_lib_shutdown_user_alloc_1
    sys_command.o(.text) refers (Special) to use_no_semi.o(.text) for __I$use$semihosting
    sys_command.o(.text) refers (Special) to indicate_semi.o(.text) for __semihosting_library_function
    defsig_rtmem_outer.o(.text) refers to defsig_rtmem_inner.o(.text) for __rt_SIGRTMEM_inner
    defsig_rtmem_outer.o(.text) refers to defsig_exit.o(.text) for __sig_exit
    defsig_rtmem_formal.o(.text) refers to rt_raise.o(.text) for __rt_raise
    rt_raise.o(.text) refers to __raise.o(.text) for __raise
    rt_raise.o(.text) refers to sys_exit.o(.text) for _sys_exit
    defsig_exit.o(.text) refers to sys_exit.o(.text) for _sys_exit
    defsig_rtmem_inner.o(.text) refers to defsig_general.o(.text) for __default_signal_display
    __raise.o(.text) refers to defsig.o(CL$$defsig) for __default_signal_handler
    defsig_general.o(.text) refers to sys_wrch.o(.text) for _ttywrch
    sys_wrch.o(.text) refers (Special) to use_no_semi.o(.text) for __I$use$semihosting
    sys_wrch.o(.text) refers (Special) to indicate_semi.o(.text) for __semihosting_library_function
    defsig.o(CL$$defsig) refers to defsig_rtmem_inner.o(.text) for __rt_SIGRTMEM_inner
    defsig_abrt_inner.o(.text) refers to defsig_general.o(.text) for __default_signal_display
    defsig_fpe_inner.o(.text) refers to defsig_general.o(.text) for __default_signal_display
    defsig_rtred_inner.o(.text) refers to defsig_general.o(.text) for __default_signal_display
    defsig_stak_inner.o(.text) refers to defsig_general.o(.text) for __default_signal_display
    defsig_pvfn_inner.o(.text) refers to defsig_general.o(.text) for __default_signal_display
    defsig_cppl_inner.o(.text) refers to defsig_general.o(.text) for __default_signal_display
    defsig_segv_inner.o(.text) refers to defsig_general.o(.text) for __default_signal_display
    defsig_other.o(.text) refers to defsig_general.o(.text) for __default_signal_display


==============================================================================

Removing Unused input sections from the image.

    Removing main.o(.rev16_text), (4 bytes).
    Removing main.o(.revsh_text), (4 bytes).
    Removing main.o(.rrx_text), (6 bytes).
    Removing bissc.o(.rev16_text), (4 bytes).
    Removing bissc.o(.revsh_text), (4 bytes).
    Removing bissc.o(.rrx_text), (6 bytes).
    Removing system_xmc4800.o(.rev16_text), (4 bytes).
    Removing system_xmc4800.o(.revsh_text), (4 bytes).
    Removing system_xmc4800.o(.rrx_text), (6 bytes).

9 unused section(s) (total 42 bytes) removed from the image.

==============================================================================

Image Symbol Table

    Local Symbols

    Symbol Name                              Value     Ov Type        Size  Object(Section)

    ../clib/angel/boardlib.s                 0x00000000   Number         0  boardshut.o ABSOLUTE
    ../clib/angel/boardlib.s                 0x00000000   Number         0  boardinit1.o ABSOLUTE
    ../clib/angel/boardlib.s                 0x00000000   Number         0  boardinit2.o ABSOLUTE
    ../clib/angel/boardlib.s                 0x00000000   Number         0  boardinit3.o ABSOLUTE
    ../clib/angel/handlers.s                 0x00000000   Number         0  __scatter_zi.o ABSOLUTE
    ../clib/angel/handlers.s                 0x00000000   Number         0  __scatter_copy.o ABSOLUTE
    ../clib/angel/kernel.s                   0x00000000   Number         0  rtexit.o ABSOLUTE
    ../clib/angel/kernel.s                   0x00000000   Number         0  __rtentry4.o ABSOLUTE
    ../clib/angel/kernel.s                   0x00000000   Number         0  __rtentry.o ABSOLUTE
    ../clib/angel/kernel.s                   0x00000000   Number         0  __rtentry2.o ABSOLUTE
    ../clib/angel/kernel.s                   0x00000000   Number         0  rtexit2.o ABSOLUTE
    ../clib/angel/rt.s                       0x00000000   Number         0  rt_raise.o ABSOLUTE
    ../clib/angel/scatter.s                  0x00000000   Number         0  __scatter.o ABSOLUTE
    ../clib/angel/startup.s                  0x00000000   Number         0  __main.o ABSOLUTE
    ../clib/angel/sys.s                      0x00000000   Number         0  sys_stackheap_outer.o ABSOLUTE
    ../clib/angel/sys.s                      0x00000000   Number         0  indicate_semi.o ABSOLUTE
    ../clib/angel/sys.s                      0x00000000   Number         0  use_no_semi.o ABSOLUTE
    ../clib/angel/sys.s                      0x00000000   Number         0  libspace.o ABSOLUTE
    ../clib/angel/sysapp.c                   0x00000000   Number         0  sys_exit.o ABSOLUTE
    ../clib/angel/sysapp.c                   0x00000000   Number         0  sys_command.o ABSOLUTE
    ../clib/angel/sysapp.c                   0x00000000   Number         0  sys_wrch.o ABSOLUTE
    ../clib/armsys.c                         0x00000000   Number         0  _get_argv_nomalloc.o ABSOLUTE
    ../clib/armsys.c                         0x00000000   Number         0  no_argv.o ABSOLUTE
    ../clib/armsys.c                         0x00000000   Number         0  argv_veneer.o ABSOLUTE
    ../clib/armsys.c                         0x00000000   Number         0  argv_veneer.o ABSOLUTE
    ../clib/heapalloc.c                      0x00000000   Number         0  hrguard.o ABSOLUTE
    ../clib/heapaux.c                        0x00000000   Number         0  heapauxi.o ABSOLUTE
    ../clib/libinit.s                        0x00000000   Number         0  libshutdown2.o ABSOLUTE
    ../clib/libinit.s                        0x00000000   Number         0  libinit.o ABSOLUTE
    ../clib/libinit.s                        0x00000000   Number         0  libshutdown.o ABSOLUTE
    ../clib/libinit.s                        0x00000000   Number         0  libinit2.o ABSOLUTE
    ../clib/memcpset.s                       0x00000000   Number         0  rt_memcpy_v6.o ABSOLUTE
    ../clib/memcpset.s                       0x00000000   Number         0  rt_memcpy_w.o ABSOLUTE
    ../clib/signal.c                         0x00000000   Number         0  defsig_rtmem_inner.o ABSOLUTE
    ../clib/signal.c                         0x00000000   Number         0  defsig_exit.o ABSOLUTE
    ../clib/signal.c                         0x00000000   Number         0  defsig_rtmem_formal.o ABSOLUTE
    ../clib/signal.c                         0x00000000   Number         0  defsig_rtmem_outer.o ABSOLUTE
    ../clib/signal.c                         0x00000000   Number         0  __raise.o ABSOLUTE
    ../clib/signal.c                         0x00000000   Number         0  defsig_other.o ABSOLUTE
    ../clib/signal.c                         0x00000000   Number         0  defsig_segv_inner.o ABSOLUTE
    ../clib/signal.c                         0x00000000   Number         0  defsig_pvfn_inner.o ABSOLUTE
    ../clib/signal.c                         0x00000000   Number         0  defsig_stak_inner.o ABSOLUTE
    ../clib/signal.c                         0x00000000   Number         0  defsig_rtred_inner.o ABSOLUTE
    ../clib/signal.c                         0x00000000   Number         0  defsig_fpe_inner.o ABSOLUTE
    ../clib/signal.c                         0x00000000   Number         0  defsig_abrt_inner.o ABSOLUTE
    ../clib/signal.c                         0x00000000   Number         0  defsig_cppl_inner.o ABSOLUTE
    ../clib/signal.c                         0x00000000   Number         0  defsig_general.o ABSOLUTE
    ../clib/signal.s                         0x00000000   Number         0  defsig.o ABSOLUTE
    ../clib/stdlib.c                         0x00000000   Number         0  exit.o ABSOLUTE
    ../fplib/fpinit.s                        0x00000000   Number         0  fpinit.o ABSOLUTE
    RTE\Device\XMC4800-F144x2048\startup_XMC4800.s 0x00000000   Number         0  startup_xmc4800.o ABSOLUTE
    RTE\Device\XMC4800-F144x2048\system_XMC4800.c 0x00000000   Number         0  system_xmc4800.o ABSOLUTE
    RTE\\Device\\XMC4800-F144x2048\\system_XMC4800.c 0x00000000   Number         0  system_xmc4800.o ABSOLUTE
    USER\\bissc.c                            0x00000000   Number         0  bissc.o ABSOLUTE
    USER\\main.c                             0x00000000   Number         0  main.o ABSOLUTE
    USER\bissc.c                             0x00000000   Number         0  bissc.o ABSOLUTE
    USER\main.c                              0x00000000   Number         0  main.o ABSOLUTE
    dc.s                                     0x00000000   Number         0  dc.o ABSOLUTE
    RESET                                    0x08000000   Section      512  startup_xmc4800.o(RESET)
    !!!main                                  0x08000200   Section        8  __main.o(!!!main)
    !!!scatter                               0x08000208   Section       52  __scatter.o(!!!scatter)
    !!handler_copy                           0x0800023c   Section       26  __scatter_copy.o(!!handler_copy)
    !!handler_zi                             0x08000258   Section       28  __scatter_zi.o(!!handler_zi)
    .ARM.Collect$$libinit$$00000000          0x08000274   Section        2  libinit.o(.ARM.Collect$$libinit$$00000000)
    .ARM.Collect$$libinit$$00000001          0x08000276   Section        4  libinit2.o(.ARM.Collect$$libinit$$00000001)
    .ARM.Collect$$libinit$$00000004          0x0800027a   Section        0  libinit2.o(.ARM.Collect$$libinit$$00000004)
    .ARM.Collect$$libinit$$0000000A          0x0800027a   Section        0  libinit2.o(.ARM.Collect$$libinit$$0000000A)
    .ARM.Collect$$libinit$$0000000C          0x0800027a   Section        0  libinit2.o(.ARM.Collect$$libinit$$0000000C)
    .ARM.Collect$$libinit$$0000000E          0x0800027a   Section        0  libinit2.o(.ARM.Collect$$libinit$$0000000E)
    .ARM.Collect$$libinit$$00000011          0x0800027a   Section        0  libinit2.o(.ARM.Collect$$libinit$$00000011)
    .ARM.Collect$$libinit$$00000013          0x0800027a   Section        0  libinit2.o(.ARM.Collect$$libinit$$00000013)
    .ARM.Collect$$libinit$$00000015          0x0800027a   Section        0  libinit2.o(.ARM.Collect$$libinit$$00000015)
    .ARM.Collect$$libinit$$00000017          0x0800027a   Section        0  libinit2.o(.ARM.Collect$$libinit$$00000017)
    .ARM.Collect$$libinit$$00000019          0x0800027a   Section        0  libinit2.o(.ARM.Collect$$libinit$$00000019)
    .ARM.Collect$$libinit$$0000001B          0x0800027a   Section        0  libinit2.o(.ARM.Collect$$libinit$$0000001B)
    .ARM.Collect$$libinit$$0000001D          0x0800027a   Section        0  libinit2.o(.ARM.Collect$$libinit$$0000001D)
    .ARM.Collect$$libinit$$0000001F          0x0800027a   Section        0  libinit2.o(.ARM.Collect$$libinit$$0000001F)
    .ARM.Collect$$libinit$$00000021          0x0800027a   Section        0  libinit2.o(.ARM.Collect$$libinit$$00000021)
    .ARM.Collect$$libinit$$00000023          0x0800027a   Section        0  libinit2.o(.ARM.Collect$$libinit$$00000023)
    .ARM.Collect$$libinit$$00000025          0x0800027a   Section        0  libinit2.o(.ARM.Collect$$libinit$$00000025)
    .ARM.Collect$$libinit$$0000002C          0x0800027a   Section        0  libinit2.o(.ARM.Collect$$libinit$$0000002C)
    .ARM.Collect$$libinit$$0000002E          0x0800027a   Section        0  libinit2.o(.ARM.Collect$$libinit$$0000002E)
    .ARM.Collect$$libinit$$00000030          0x0800027a   Section        0  libinit2.o(.ARM.Collect$$libinit$$00000030)
    .ARM.Collect$$libinit$$00000032          0x0800027a   Section        0  libinit2.o(.ARM.Collect$$libinit$$00000032)
    .ARM.Collect$$libinit$$00000033          0x0800027a   Section        2  libinit2.o(.ARM.Collect$$libinit$$00000033)
    .ARM.Collect$$libshutdown$$00000000      0x0800027c   Section        2  libshutdown.o(.ARM.Collect$$libshutdown$$00000000)
    .ARM.Collect$$libshutdown$$00000002      0x0800027e   Section        0  libshutdown2.o(.ARM.Collect$$libshutdown$$00000002)
    .ARM.Collect$$libshutdown$$00000004      0x0800027e   Section        0  libshutdown2.o(.ARM.Collect$$libshutdown$$00000004)
    .ARM.Collect$$libshutdown$$00000007      0x0800027e   Section        0  libshutdown2.o(.ARM.Collect$$libshutdown$$00000007)
    .ARM.Collect$$libshutdown$$0000000A      0x0800027e   Section        0  libshutdown2.o(.ARM.Collect$$libshutdown$$0000000A)
    .ARM.Collect$$libshutdown$$0000000C      0x0800027e   Section        0  libshutdown2.o(.ARM.Collect$$libshutdown$$0000000C)
    .ARM.Collect$$libshutdown$$0000000F      0x0800027e   Section        0  libshutdown2.o(.ARM.Collect$$libshutdown$$0000000F)
    .ARM.Collect$$libshutdown$$00000010      0x0800027e   Section        2  libshutdown2.o(.ARM.Collect$$libshutdown$$00000010)
    .ARM.Collect$$rtentry$$00000000          0x08000280   Section        0  __rtentry.o(.ARM.Collect$$rtentry$$00000000)
    .ARM.Collect$$rtentry$$00000002          0x08000280   Section        0  __rtentry2.o(.ARM.Collect$$rtentry$$00000002)
    .ARM.Collect$$rtentry$$00000004          0x08000280   Section        6  __rtentry4.o(.ARM.Collect$$rtentry$$00000004)
    .ARM.Collect$$rtentry$$00000009          0x08000286   Section        0  __rtentry2.o(.ARM.Collect$$rtentry$$00000009)
    .ARM.Collect$$rtentry$$0000000A          0x08000286   Section        4  __rtentry2.o(.ARM.Collect$$rtentry$$0000000A)
    .ARM.Collect$$rtentry$$0000000C          0x0800028a   Section        0  __rtentry2.o(.ARM.Collect$$rtentry$$0000000C)
    .ARM.Collect$$rtentry$$0000000D          0x0800028a   Section        8  __rtentry2.o(.ARM.Collect$$rtentry$$0000000D)
    .ARM.Collect$$rtexit$$00000000           0x08000292   Section        2  rtexit.o(.ARM.Collect$$rtexit$$00000000)
    .ARM.Collect$$rtexit$$00000002           0x08000294   Section        0  rtexit2.o(.ARM.Collect$$rtexit$$00000002)
    .ARM.Collect$$rtexit$$00000003           0x08000294   Section        4  rtexit2.o(.ARM.Collect$$rtexit$$00000003)
    .ARM.Collect$$rtexit$$00000004           0x08000298   Section        6  rtexit2.o(.ARM.Collect$$rtexit$$00000004)
    .text                                    0x080002a0   Section       56  startup_xmc4800.o(.text)
    $v0                                      0x080002a0   Number         0  startup_xmc4800.o(.text)
    .text                                    0x080002d8   Section      138  rt_memcpy_v6.o(.text)
    .text                                    0x08000362   Section        0  heapauxi.o(.text)
    .text                                    0x08000368   Section      100  rt_memcpy_w.o(.text)
    .text                                    0x080003cc   Section       74  sys_stackheap_outer.o(.text)
    .text                                    0x08000416   Section        0  exit.o(.text)
    .text                                    0x08000428   Section        8  libspace.o(.text)
    .text                                    0x08000430   Section        0  sys_exit.o(.text)
    .text                                    0x0800043c   Section        2  use_no_semi.o(.text)
    .text                                    0x0800043e   Section        0  indicate_semi.o(.text)
    i.BISS_vSensorModeSingle                 0x08000440   Section        0  bissc.o(i.BISS_vSensorModeSingle)
    i.OSCHP_GetFrequency                     0x0800046c   Section        0  system_xmc4800.o(i.OSCHP_GetFrequency)
    i.SystemCoreClockSetup                   0x08000474   Section        0  system_xmc4800.o(i.SystemCoreClockSetup)
    i.SystemCoreClockUpdate                  0x08000760   Section        0  system_xmc4800.o(i.SystemCoreClockUpdate)
    i.SystemCoreSetup                        0x08000804   Section        0  system_xmc4800.o(i.SystemCoreSetup)
    i.SystemInit                             0x0800085c   Section        0  system_xmc4800.o(i.SystemInit)
    i.bissc_init                             0x08000878   Section        0  bissc.o(i.bissc_init)
    i.bissc_read                             0x08000a98   Section        0  bissc.o(i.bissc_read)
    i.delay                                  0x08000bc0   Section        0  system_xmc4800.o(i.delay)
    delay                                    0x08000bc1   Thumb Code    24  system_xmc4800.o(i.delay)
    i.fast_crc6                              0x08000bd8   Section        0  bissc.o(i.fast_crc6)
    i.main                                   0x08000c00   Section        0  main.o(i.main)
    x$fpl$fpinit                             0x08000cac   Section       10  fpinit.o(x$fpl$fpinit)
    $v0                                      0x08000cac   Number         0  fpinit.o(x$fpl$fpinit)
    .data                                    0x20000000   Section       29  main.o(.data)
    .data                                    0x2000001d   Section       64  bissc.o(.data)
    .bss                                     0x20000060   Section       28  main.o(.bss)
    .bss                                     0x2000007c   Section       96  libspace.o(.bss)
    HEAP                                     0x200000e0   Section      512  startup_xmc4800.o(HEAP)
    Heap_Mem                                 0x200000e0   Data         512  startup_xmc4800.o(HEAP)
    STACK                                    0x200002e0   Section     2048  startup_xmc4800.o(STACK)
    Stack_Mem                                0x200002e0   Data        2048  startup_xmc4800.o(STACK)
    __initial_sp                             0x20000ae0   Data           0  startup_xmc4800.o(STACK)
    .ARM.__AT_0x2003FFC0                     0x2003ffc0   Section        4  system_xmc4800.o(.ARM.__AT_0x2003FFC0)
    .ARM.__AT_0x2003FFC4                     0x2003ffc4   Section       16  system_xmc4800.o(.ARM.__AT_0x2003FFC4)

    Global Symbols

    Symbol Name                              Value     Ov Type        Size  Object(Section)

    BuildAttributes$$THM_ISAv4$E$P$D$K$B$S$7EM$VFPi3$EXTD16$VFPS$VFMA$PE$A:L22UL41UL21$X:L11$S22US41US21$IEEE1$IW$USESV6$~STKCKD$USESV7$~SHL$OSPACE$ROPI$EBA8$UX$STANDARDLIB$REQ8$PRES8$EABIv2 0x00000000   Number         0  anon$$obj.o ABSOLUTE
    __ARM_use_no_argv                        0x00000000   Number         0  main.o ABSOLUTE
    __ARM_exceptions_init                     - Undefined Weak Reference
    __alloca_initialize                       - Undefined Weak Reference
    __arm_preinit_                            - Undefined Weak Reference
    __cpp_initialize__aeabi_                  - Undefined Weak Reference
    __cxa_finalize                            - Undefined Weak Reference
    __rt_locale                               - Undefined Weak Reference
    __sigvec_lookup                           - Undefined Weak Reference
    _atexit_init                              - Undefined Weak Reference
    _call_atexit_fns                          - Undefined Weak Reference
    _clock_init                               - Undefined Weak Reference
    _fp_trap_init                             - Undefined Weak Reference
    _fp_trap_shutdown                         - Undefined Weak Reference
    _get_lc_collate                           - Undefined Weak Reference
    _get_lc_ctype                             - Undefined Weak Reference
    _get_lc_monetary                          - Undefined Weak Reference
    _get_lc_numeric                           - Undefined Weak Reference
    _get_lc_time                              - Undefined Weak Reference
    _getenv_init                              - Undefined Weak Reference
    _handle_redirection                       - Undefined Weak Reference
    _init_alloc                               - Undefined Weak Reference
    _init_user_alloc                          - Undefined Weak Reference
    _initio                                   - Undefined Weak Reference
    _rand_init                                - Undefined Weak Reference
    _signal_finish                            - Undefined Weak Reference
    _signal_init                              - Undefined Weak Reference
    _terminate_alloc                          - Undefined Weak Reference
    _terminate_user_alloc                     - Undefined Weak Reference
    _terminateio                              - Undefined Weak Reference
    __Vectors_Size                           0x00000200   Number         0  startup_xmc4800.o ABSOLUTE
    __Vectors                                0x08000000   Data           4  startup_xmc4800.o(RESET)
    __Vectors_End                            0x08000200   Data           0  startup_xmc4800.o(RESET)
    __main                                   0x08000201   Thumb Code     8  __main.o(!!!main)
    __scatterload                            0x08000209   Thumb Code     0  __scatter.o(!!!scatter)
    __scatterload_rt2                        0x08000209   Thumb Code    44  __scatter.o(!!!scatter)
    __scatterload_rt2_thumb_only             0x08000209   Thumb Code     0  __scatter.o(!!!scatter)
    __scatterload_null                       0x08000217   Thumb Code     0  __scatter.o(!!!scatter)
    __scatterload_copy                       0x0800023d   Thumb Code    26  __scatter_copy.o(!!handler_copy)
    __scatterload_zeroinit                   0x08000259   Thumb Code    28  __scatter_zi.o(!!handler_zi)
    __rt_lib_init                            0x08000275   Thumb Code     0  libinit.o(.ARM.Collect$$libinit$$00000000)
    __rt_lib_init_fp_1                       0x08000277   Thumb Code     0  libinit2.o(.ARM.Collect$$libinit$$00000001)
    __rt_lib_init_alloca_1                   0x0800027b   Thumb Code     0  libinit2.o(.ARM.Collect$$libinit$$0000002E)
    __rt_lib_init_argv_1                     0x0800027b   Thumb Code     0  libinit2.o(.ARM.Collect$$libinit$$0000002C)
    __rt_lib_init_atexit_1                   0x0800027b   Thumb Code     0  libinit2.o(.ARM.Collect$$libinit$$0000001B)
    __rt_lib_init_clock_1                    0x0800027b   Thumb Code     0  libinit2.o(.ARM.Collect$$libinit$$00000021)
    __rt_lib_init_cpp_1                      0x0800027b   Thumb Code     0  libinit2.o(.ARM.Collect$$libinit$$00000032)
    __rt_lib_init_exceptions_1               0x0800027b   Thumb Code     0  libinit2.o(.ARM.Collect$$libinit$$00000030)
    __rt_lib_init_fp_trap_1                  0x0800027b   Thumb Code     0  libinit2.o(.ARM.Collect$$libinit$$0000001F)
    __rt_lib_init_getenv_1                   0x0800027b   Thumb Code     0  libinit2.o(.ARM.Collect$$libinit$$00000023)
    __rt_lib_init_heap_1                     0x0800027b   Thumb Code     0  libinit2.o(.ARM.Collect$$libinit$$0000000A)
    __rt_lib_init_lc_collate_1               0x0800027b   Thumb Code     0  libinit2.o(.ARM.Collect$$libinit$$00000011)
    __rt_lib_init_lc_ctype_1                 0x0800027b   Thumb Code     0  libinit2.o(.ARM.Collect$$libinit$$00000013)
    __rt_lib_init_lc_monetary_1              0x0800027b   Thumb Code     0  libinit2.o(.ARM.Collect$$libinit$$00000015)
    __rt_lib_init_lc_numeric_1               0x0800027b   Thumb Code     0  libinit2.o(.ARM.Collect$$libinit$$00000017)
    __rt_lib_init_lc_time_1                  0x0800027b   Thumb Code     0  libinit2.o(.ARM.Collect$$libinit$$00000019)
    __rt_lib_init_preinit_1                  0x0800027b   Thumb Code     0  libinit2.o(.ARM.Collect$$libinit$$00000004)
    __rt_lib_init_rand_1                     0x0800027b   Thumb Code     0  libinit2.o(.ARM.Collect$$libinit$$0000000E)
    __rt_lib_init_return                     0x0800027b   Thumb Code     0  libinit2.o(.ARM.Collect$$libinit$$00000033)
    __rt_lib_init_signal_1                   0x0800027b   Thumb Code     0  libinit2.o(.ARM.Collect$$libinit$$0000001D)
    __rt_lib_init_stdio_1                    0x0800027b   Thumb Code     0  libinit2.o(.ARM.Collect$$libinit$$00000025)
    __rt_lib_init_user_alloc_1               0x0800027b   Thumb Code     0  libinit2.o(.ARM.Collect$$libinit$$0000000C)
    __rt_lib_shutdown                        0x0800027d   Thumb Code     0  libshutdown.o(.ARM.Collect$$libshutdown$$00000000)
    __rt_lib_shutdown_cpp_1                  0x0800027f   Thumb Code     0  libshutdown2.o(.ARM.Collect$$libshutdown$$00000002)
    __rt_lib_shutdown_fp_trap_1              0x0800027f   Thumb Code     0  libshutdown2.o(.ARM.Collect$$libshutdown$$00000007)
    __rt_lib_shutdown_heap_1                 0x0800027f   Thumb Code     0  libshutdown2.o(.ARM.Collect$$libshutdown$$0000000F)
    __rt_lib_shutdown_return                 0x0800027f   Thumb Code     0  libshutdown2.o(.ARM.Collect$$libshutdown$$00000010)
    __rt_lib_shutdown_signal_1               0x0800027f   Thumb Code     0  libshutdown2.o(.ARM.Collect$$libshutdown$$0000000A)
    __rt_lib_shutdown_stdio_1                0x0800027f   Thumb Code     0  libshutdown2.o(.ARM.Collect$$libshutdown$$00000004)
    __rt_lib_shutdown_user_alloc_1           0x0800027f   Thumb Code     0  libshutdown2.o(.ARM.Collect$$libshutdown$$0000000C)
    __rt_entry                               0x08000281   Thumb Code     0  __rtentry.o(.ARM.Collect$$rtentry$$00000000)
    __rt_entry_presh_1                       0x08000281   Thumb Code     0  __rtentry2.o(.ARM.Collect$$rtentry$$00000002)
    __rt_entry_sh                            0x08000281   Thumb Code     0  __rtentry4.o(.ARM.Collect$$rtentry$$00000004)
    __rt_entry_li                            0x08000287   Thumb Code     0  __rtentry2.o(.ARM.Collect$$rtentry$$0000000A)
    __rt_entry_postsh_1                      0x08000287   Thumb Code     0  __rtentry2.o(.ARM.Collect$$rtentry$$00000009)
    __rt_entry_main                          0x0800028b   Thumb Code     0  __rtentry2.o(.ARM.Collect$$rtentry$$0000000D)
    __rt_entry_postli_1                      0x0800028b   Thumb Code     0  __rtentry2.o(.ARM.Collect$$rtentry$$0000000C)
    __rt_exit                                0x08000293   Thumb Code     0  rtexit.o(.ARM.Collect$$rtexit$$00000000)
    __rt_exit_ls                             0x08000295   Thumb Code     0  rtexit2.o(.ARM.Collect$$rtexit$$00000003)
    __rt_exit_prels_1                        0x08000295   Thumb Code     0  rtexit2.o(.ARM.Collect$$rtexit$$00000002)
    __rt_exit_exit                           0x08000299   Thumb Code     0  rtexit2.o(.ARM.Collect$$rtexit$$00000004)
    Reset_Handler                            0x080002a1   Thumb Code    12  startup_xmc4800.o(.text)
    BusFault_Handler                         0x080002ad   Thumb Code     0  startup_xmc4800.o(.text)
    CAN0_0_IRQHandler                        0x080002ad   Thumb Code     0  startup_xmc4800.o(.text)
    CAN0_1_IRQHandler                        0x080002ad   Thumb Code     0  startup_xmc4800.o(.text)
    CAN0_2_IRQHandler                        0x080002ad   Thumb Code     0  startup_xmc4800.o(.text)
    CAN0_3_IRQHandler                        0x080002ad   Thumb Code     0  startup_xmc4800.o(.text)
    CAN0_4_IRQHandler                        0x080002ad   Thumb Code     0  startup_xmc4800.o(.text)
    CAN0_5_IRQHandler                        0x080002ad   Thumb Code     0  startup_xmc4800.o(.text)
    CAN0_6_IRQHandler                        0x080002ad   Thumb Code     0  startup_xmc4800.o(.text)
    CAN0_7_IRQHandler                        0x080002ad   Thumb Code     0  startup_xmc4800.o(.text)
    CCU40_0_IRQHandler                       0x080002ad   Thumb Code     0  startup_xmc4800.o(.text)
    CCU40_1_IRQHandler                       0x080002ad   Thumb Code     0  startup_xmc4800.o(.text)
    CCU40_2_IRQHandler                       0x080002ad   Thumb Code     0  startup_xmc4800.o(.text)
    CCU40_3_IRQHandler                       0x080002ad   Thumb Code     0  startup_xmc4800.o(.text)
    CCU41_0_IRQHandler                       0x080002ad   Thumb Code     0  startup_xmc4800.o(.text)
    CCU41_1_IRQHandler                       0x080002ad   Thumb Code     0  startup_xmc4800.o(.text)
    CCU41_2_IRQHandler                       0x080002ad   Thumb Code     0  startup_xmc4800.o(.text)
    CCU41_3_IRQHandler                       0x080002ad   Thumb Code     0  startup_xmc4800.o(.text)
    CCU42_0_IRQHandler                       0x080002ad   Thumb Code     0  startup_xmc4800.o(.text)
    CCU42_1_IRQHandler                       0x080002ad   Thumb Code     0  startup_xmc4800.o(.text)
    CCU42_2_IRQHandler                       0x080002ad   Thumb Code     0  startup_xmc4800.o(.text)
    CCU42_3_IRQHandler                       0x080002ad   Thumb Code     0  startup_xmc4800.o(.text)
    CCU43_0_IRQHandler                       0x080002ad   Thumb Code     0  startup_xmc4800.o(.text)
    CCU43_1_IRQHandler                       0x080002ad   Thumb Code     0  startup_xmc4800.o(.text)
    CCU43_2_IRQHandler                       0x080002ad   Thumb Code     0  startup_xmc4800.o(.text)
    CCU43_3_IRQHandler                       0x080002ad   Thumb Code     0  startup_xmc4800.o(.text)
    CCU80_0_IRQHandler                       0x080002ad   Thumb Code     0  startup_xmc4800.o(.text)
    CCU80_1_IRQHandler                       0x080002ad   Thumb Code     0  startup_xmc4800.o(.text)
    CCU80_2_IRQHandler                       0x080002ad   Thumb Code     0  startup_xmc4800.o(.text)
    CCU80_3_IRQHandler                       0x080002ad   Thumb Code     0  startup_xmc4800.o(.text)
    CCU81_0_IRQHandler                       0x080002ad   Thumb Code     0  startup_xmc4800.o(.text)
    CCU81_1_IRQHandler                       0x080002ad   Thumb Code     0  startup_xmc4800.o(.text)
    CCU81_2_IRQHandler                       0x080002ad   Thumb Code     0  startup_xmc4800.o(.text)
    CCU81_3_IRQHandler                       0x080002ad   Thumb Code     0  startup_xmc4800.o(.text)
    DAC0_0_IRQHandler                        0x080002ad   Thumb Code     0  startup_xmc4800.o(.text)
    DAC0_1_IRQHandler                        0x080002ad   Thumb Code     0  startup_xmc4800.o(.text)
    DSD0_0_IRQHandler                        0x080002ad   Thumb Code     0  startup_xmc4800.o(.text)
    DSD0_1_IRQHandler                        0x080002ad   Thumb Code     0  startup_xmc4800.o(.text)
    DSD0_2_IRQHandler                        0x080002ad   Thumb Code     0  startup_xmc4800.o(.text)
    DSD0_3_IRQHandler                        0x080002ad   Thumb Code     0  startup_xmc4800.o(.text)
    DSD0_4_IRQHandler                        0x080002ad   Thumb Code     0  startup_xmc4800.o(.text)
    DSD0_5_IRQHandler                        0x080002ad   Thumb Code     0  startup_xmc4800.o(.text)
    DSD0_6_IRQHandler                        0x080002ad   Thumb Code     0  startup_xmc4800.o(.text)
    DSD0_7_IRQHandler                        0x080002ad   Thumb Code     0  startup_xmc4800.o(.text)
    DebugMon_Handler                         0x080002ad   Thumb Code     0  startup_xmc4800.o(.text)
    ECAT0_0_IRQHandler                       0x080002ad   Thumb Code     0  startup_xmc4800.o(.text)
    ERU0_0_IRQHandler                        0x080002ad   Thumb Code     0  startup_xmc4800.o(.text)
    ERU0_1_IRQHandler                        0x080002ad   Thumb Code     0  startup_xmc4800.o(.text)
    ERU0_2_IRQHandler                        0x080002ad   Thumb Code     0  startup_xmc4800.o(.text)
    ERU0_3_IRQHandler                        0x080002ad   Thumb Code     0  startup_xmc4800.o(.text)
    ERU1_0_IRQHandler                        0x080002ad   Thumb Code     0  startup_xmc4800.o(.text)
    ERU1_1_IRQHandler                        0x080002ad   Thumb Code     0  startup_xmc4800.o(.text)
    ERU1_2_IRQHandler                        0x080002ad   Thumb Code     0  startup_xmc4800.o(.text)
    ERU1_3_IRQHandler                        0x080002ad   Thumb Code     0  startup_xmc4800.o(.text)
    ETH0_0_IRQHandler                        0x080002ad   Thumb Code     0  startup_xmc4800.o(.text)
    FCE0_0_IRQHandler                        0x080002ad   Thumb Code     0  startup_xmc4800.o(.text)
    GPDMA0_0_IRQHandler                      0x080002ad   Thumb Code     0  startup_xmc4800.o(.text)
    GPDMA1_0_IRQHandler                      0x080002ad   Thumb Code     0  startup_xmc4800.o(.text)
    HardFault_Handler                        0x080002ad   Thumb Code     0  startup_xmc4800.o(.text)
    LEDTS0_0_IRQHandler                      0x080002ad   Thumb Code     0  startup_xmc4800.o(.text)
    MemManage_Handler                        0x080002ad   Thumb Code     0  startup_xmc4800.o(.text)
    NMI_Handler                              0x080002ad   Thumb Code     0  startup_xmc4800.o(.text)
    PMU0_0_IRQHandler                        0x080002ad   Thumb Code     0  startup_xmc4800.o(.text)
    POSIF0_0_IRQHandler                      0x080002ad   Thumb Code     0  startup_xmc4800.o(.text)
    POSIF0_1_IRQHandler                      0x080002ad   Thumb Code     0  startup_xmc4800.o(.text)
    POSIF1_0_IRQHandler                      0x080002ad   Thumb Code     0  startup_xmc4800.o(.text)
    POSIF1_1_IRQHandler                      0x080002ad   Thumb Code     0  startup_xmc4800.o(.text)
    PendSV_Handler                           0x080002ad   Thumb Code     0  startup_xmc4800.o(.text)
    SCU_0_IRQHandler                         0x080002ad   Thumb Code     0  startup_xmc4800.o(.text)
    SDMMC0_0_IRQHandler                      0x080002ad   Thumb Code     0  startup_xmc4800.o(.text)
    SVC_Handler                              0x080002ad   Thumb Code     0  startup_xmc4800.o(.text)
    SysTick_Handler                          0x080002ad   Thumb Code     0  startup_xmc4800.o(.text)
    USB0_0_IRQHandler                        0x080002ad   Thumb Code     0  startup_xmc4800.o(.text)
    USIC0_0_IRQHandler                       0x080002ad   Thumb Code     0  startup_xmc4800.o(.text)
    USIC0_1_IRQHandler                       0x080002ad   Thumb Code     0  startup_xmc4800.o(.text)
    USIC0_2_IRQHandler                       0x080002ad   Thumb Code     0  startup_xmc4800.o(.text)
    USIC0_3_IRQHandler                       0x080002ad   Thumb Code     0  startup_xmc4800.o(.text)
    USIC0_4_IRQHandler                       0x080002ad   Thumb Code     0  startup_xmc4800.o(.text)
    USIC0_5_IRQHandler                       0x080002ad   Thumb Code     0  startup_xmc4800.o(.text)
    USIC1_0_IRQHandler                       0x080002ad   Thumb Code     0  startup_xmc4800.o(.text)
    USIC1_1_IRQHandler                       0x080002ad   Thumb Code     0  startup_xmc4800.o(.text)
    USIC1_2_IRQHandler                       0x080002ad   Thumb Code     0  startup_xmc4800.o(.text)
    USIC1_3_IRQHandler                       0x080002ad   Thumb Code     0  startup_xmc4800.o(.text)
    USIC1_4_IRQHandler                       0x080002ad   Thumb Code     0  startup_xmc4800.o(.text)
    USIC1_5_IRQHandler                       0x080002ad   Thumb Code     0  startup_xmc4800.o(.text)
    USIC2_0_IRQHandler                       0x080002ad   Thumb Code     0  startup_xmc4800.o(.text)
    USIC2_1_IRQHandler                       0x080002ad   Thumb Code     0  startup_xmc4800.o(.text)
    USIC2_2_IRQHandler                       0x080002ad   Thumb Code     0  startup_xmc4800.o(.text)
    USIC2_3_IRQHandler                       0x080002ad   Thumb Code     0  startup_xmc4800.o(.text)
    USIC2_4_IRQHandler                       0x080002ad   Thumb Code     0  startup_xmc4800.o(.text)
    USIC2_5_IRQHandler                       0x080002ad   Thumb Code     0  startup_xmc4800.o(.text)
    UsageFault_Handler                       0x080002ad   Thumb Code     0  startup_xmc4800.o(.text)
    VADC0_C0_0_IRQHandler                    0x080002ad   Thumb Code     0  startup_xmc4800.o(.text)
    VADC0_C0_1_IRQHandler                    0x080002ad   Thumb Code     0  startup_xmc4800.o(.text)
    VADC0_C0_2_IRQHandler                    0x080002ad   Thumb Code     0  startup_xmc4800.o(.text)
    VADC0_C0_3_IRQHandler                    0x080002ad   Thumb Code     0  startup_xmc4800.o(.text)
    VADC0_G0_0_IRQHandler                    0x080002ad   Thumb Code     0  startup_xmc4800.o(.text)
    VADC0_G0_1_IRQHandler                    0x080002ad   Thumb Code     0  startup_xmc4800.o(.text)
    VADC0_G0_2_IRQHandler                    0x080002ad   Thumb Code     0  startup_xmc4800.o(.text)
    VADC0_G0_3_IRQHandler                    0x080002ad   Thumb Code     0  startup_xmc4800.o(.text)
    VADC0_G1_0_IRQHandler                    0x080002ad   Thumb Code     0  startup_xmc4800.o(.text)
    VADC0_G1_1_IRQHandler                    0x080002ad   Thumb Code     0  startup_xmc4800.o(.text)
    VADC0_G1_2_IRQHandler                    0x080002ad   Thumb Code     0  startup_xmc4800.o(.text)
    VADC0_G1_3_IRQHandler                    0x080002ad   Thumb Code     0  startup_xmc4800.o(.text)
    VADC0_G2_0_IRQHandler                    0x080002ad   Thumb Code     0  startup_xmc4800.o(.text)
    VADC0_G2_1_IRQHandler                    0x080002ad   Thumb Code     0  startup_xmc4800.o(.text)
    VADC0_G2_2_IRQHandler                    0x080002ad   Thumb Code     0  startup_xmc4800.o(.text)
    VADC0_G2_3_IRQHandler                    0x080002ad   Thumb Code     0  startup_xmc4800.o(.text)
    VADC0_G3_0_IRQHandler                    0x080002ad   Thumb Code     0  startup_xmc4800.o(.text)
    VADC0_G3_1_IRQHandler                    0x080002ad   Thumb Code     0  startup_xmc4800.o(.text)
    VADC0_G3_2_IRQHandler                    0x080002ad   Thumb Code     0  startup_xmc4800.o(.text)
    VADC0_G3_3_IRQHandler                    0x080002ad   Thumb Code     0  startup_xmc4800.o(.text)
    __user_initial_stackheap                 0x080002b1   Thumb Code     0  startup_xmc4800.o(.text)
    __aeabi_memcpy                           0x080002d9   Thumb Code     0  rt_memcpy_v6.o(.text)
    __rt_memcpy                              0x080002d9   Thumb Code   138  rt_memcpy_v6.o(.text)
    _memcpy_lastbytes                        0x0800033f   Thumb Code     0  rt_memcpy_v6.o(.text)
    __use_two_region_memory                  0x08000363   Thumb Code     2  heapauxi.o(.text)
    __rt_heap_escrow$2region                 0x08000365   Thumb Code     2  heapauxi.o(.text)
    __rt_heap_expand$2region                 0x08000367   Thumb Code     2  heapauxi.o(.text)
    __aeabi_memcpy4                          0x08000369   Thumb Code     0  rt_memcpy_w.o(.text)
    __aeabi_memcpy8                          0x08000369   Thumb Code     0  rt_memcpy_w.o(.text)
    __rt_memcpy_w                            0x08000369   Thumb Code   100  rt_memcpy_w.o(.text)
    _memcpy_lastbytes_aligned                0x080003b1   Thumb Code     0  rt_memcpy_w.o(.text)
    __user_setup_stackheap                   0x080003cd   Thumb Code    74  sys_stackheap_outer.o(.text)
    exit                                     0x08000417   Thumb Code    18  exit.o(.text)
    __user_libspace                          0x08000429   Thumb Code     8  libspace.o(.text)
    __user_perproc_libspace                  0x08000429   Thumb Code     0  libspace.o(.text)
    __user_perthread_libspace                0x08000429   Thumb Code     0  libspace.o(.text)
    _sys_exit                                0x08000431   Thumb Code     8  sys_exit.o(.text)
    __I$use$semihosting                      0x0800043d   Thumb Code     0  use_no_semi.o(.text)
    __use_no_semihosting_swi                 0x0800043d   Thumb Code     2  use_no_semi.o(.text)
    __semihosting_library_function           0x0800043f   Thumb Code     0  indicate_semi.o(.text)
    BISS_vSensorModeSingle                   0x08000441   Thumb Code    38  bissc.o(i.BISS_vSensorModeSingle)
    OSCHP_GetFrequency                       0x0800046d   Thumb Code     4  system_xmc4800.o(i.OSCHP_GetFrequency)
    SystemCoreClockSetup                     0x08000475   Thumb Code   680  system_xmc4800.o(i.SystemCoreClockSetup)
    SystemCoreClockUpdate                    0x08000761   Thumb Code   148  system_xmc4800.o(i.SystemCoreClockUpdate)
    SystemCoreSetup                          0x08000805   Thumb Code    74  system_xmc4800.o(i.SystemCoreSetup)
    SystemInit                               0x0800085d   Thumb Code    22  system_xmc4800.o(i.SystemInit)
    bissc_init                               0x08000879   Thumb Code   504  bissc.o(i.bissc_init)
    bissc_read                               0x08000a99   Thumb Code   290  bissc.o(i.bissc_read)
    fast_crc6                                0x08000bd9   Thumb Code    36  bissc.o(i.fast_crc6)
    main                                     0x08000c01   Thumb Code   140  main.o(i.main)
    _fp_init                                 0x08000cad   Thumb Code    10  fpinit.o(x$fpl$fpinit)
    __fplib_config_fpu_vfp                   0x08000cb5   Thumb Code     0  fpinit.o(x$fpl$fpinit)
    __fplib_config_pureend_doubles           0x08000cb5   Thumb Code     0  fpinit.o(x$fpl$fpinit)
    Region$$Table$$Base                      0x08000cb8   Number         0  anon$$obj.o(Region$$Table)
    Region$$Table$$Limit                     0x08000cd8   Number         0  anon$$obj.o(Region$$Table)
    cor_1_count                              0x20000000   Data           4  main.o(.data)
    err_1_count                              0x20000004   Data           4  main.o(.data)
    err_2_count                              0x20000008   Data           4  main.o(.data)
    err_3_count                              0x2000000c   Data           4  main.o(.data)
    err_4_count                              0x20000010   Data           4  main.o(.data)
    err_5_count                              0x20000014   Data           4  main.o(.data)
    last_frame                               0x20000018   Data           5  main.o(.data)
    crc6_table                               0x2000001d   Data          64  bissc.o(.data)
    bissc_test                               0x20000060   Data          28  main.o(.bss)
    __libspace_start                         0x2000007c   Data          96  libspace.o(.bss)
    __temporary_stack_top$libspace           0x200000dc   Data           0  libspace.o(.bss)
    SystemCoreClock                          0x2003ffc0   Data           4  system_xmc4800.o(.ARM.__AT_0x2003FFC0)
    g_chipid                                 0x2003ffc4   Data          16  system_xmc4800.o(.ARM.__AT_0x2003FFC4)



==============================================================================

Memory Map of the image

  Image Entry point : 0x080002a1

  Load Region LR_1 (Base: 0x08000000, Size: 0x00000d38, Max: 0xffffffff, ABSOLUTE)

    Execution Region ER_RO (Exec base: 0x08000000, Load base: 0x08000000, Size: 0x00000cd8, Max: 0xffffffff, ABSOLUTE)

    Exec Addr    Load Addr    Size         Type   Attr      Idx    E Section Name        Object

    0x08000000   0x08000000   0x00000200   Data   RO          119    RESET               startup_xmc4800.o
    0x08000200   0x08000200   0x00000008   Code   RO          201  * !!!main             c_w.l(__main.o)
    0x08000208   0x08000208   0x00000034   Code   RO          360    !!!scatter          c_w.l(__scatter.o)
    0x0800023c   0x0800023c   0x0000001a   Code   RO          362    !!handler_copy      c_w.l(__scatter_copy.o)
    0x08000256   0x08000256   0x00000002   PAD
    0x08000258   0x08000258   0x0000001c   Code   RO          364    !!handler_zi        c_w.l(__scatter_zi.o)
    0x08000274   0x08000274   0x00000002   Code   RO          230    .ARM.Collect$$libinit$$00000000  c_w.l(libinit.o)
    0x08000276   0x08000276   0x00000004   Code   RO          236    .ARM.Collect$$libinit$$00000001  c_w.l(libinit2.o)
    0x0800027a   0x0800027a   0x00000000   Code   RO          239    .ARM.Collect$$libinit$$00000004  c_w.l(libinit2.o)
    0x0800027a   0x0800027a   0x00000000   Code   RO          242    .ARM.Collect$$libinit$$0000000A  c_w.l(libinit2.o)
    0x0800027a   0x0800027a   0x00000000   Code   RO          244    .ARM.Collect$$libinit$$0000000C  c_w.l(libinit2.o)
    0x0800027a   0x0800027a   0x00000000   Code   RO          246    .ARM.Collect$$libinit$$0000000E  c_w.l(libinit2.o)
    0x0800027a   0x0800027a   0x00000000   Code   RO          249    .ARM.Collect$$libinit$$00000011  c_w.l(libinit2.o)
    0x0800027a   0x0800027a   0x00000000   Code   RO          251    .ARM.Collect$$libinit$$00000013  c_w.l(libinit2.o)
    0x0800027a   0x0800027a   0x00000000   Code   RO          253    .ARM.Collect$$libinit$$00000015  c_w.l(libinit2.o)
    0x0800027a   0x0800027a   0x00000000   Code   RO          255    .ARM.Collect$$libinit$$00000017  c_w.l(libinit2.o)
    0x0800027a   0x0800027a   0x00000000   Code   RO          257    .ARM.Collect$$libinit$$00000019  c_w.l(libinit2.o)
    0x0800027a   0x0800027a   0x00000000   Code   RO          259    .ARM.Collect$$libinit$$0000001B  c_w.l(libinit2.o)
    0x0800027a   0x0800027a   0x00000000   Code   RO          261    .ARM.Collect$$libinit$$0000001D  c_w.l(libinit2.o)
    0x0800027a   0x0800027a   0x00000000   Code   RO          263    .ARM.Collect$$libinit$$0000001F  c_w.l(libinit2.o)
    0x0800027a   0x0800027a   0x00000000   Code   RO          265    .ARM.Collect$$libinit$$00000021  c_w.l(libinit2.o)
    0x0800027a   0x0800027a   0x00000000   Code   RO          267    .ARM.Collect$$libinit$$00000023  c_w.l(libinit2.o)
    0x0800027a   0x0800027a   0x00000000   Code   RO          269    .ARM.Collect$$libinit$$00000025  c_w.l(libinit2.o)
    0x0800027a   0x0800027a   0x00000000   Code   RO          273    .ARM.Collect$$libinit$$0000002C  c_w.l(libinit2.o)
    0x0800027a   0x0800027a   0x00000000   Code   RO          275    .ARM.Collect$$libinit$$0000002E  c_w.l(libinit2.o)
    0x0800027a   0x0800027a   0x00000000   Code   RO          277    .ARM.Collect$$libinit$$00000030  c_w.l(libinit2.o)
    0x0800027a   0x0800027a   0x00000000   Code   RO          279    .ARM.Collect$$libinit$$00000032  c_w.l(libinit2.o)
    0x0800027a   0x0800027a   0x00000002   Code   RO          280    .ARM.Collect$$libinit$$00000033  c_w.l(libinit2.o)
    0x0800027c   0x0800027c   0x00000002   Code   RO          300    .ARM.Collect$$libshutdown$$00000000  c_w.l(libshutdown.o)
    0x0800027e   0x0800027e   0x00000000   Code   RO          313    .ARM.Collect$$libshutdown$$00000002  c_w.l(libshutdown2.o)
    0x0800027e   0x0800027e   0x00000000   Code   RO          315    .ARM.Collect$$libshutdown$$00000004  c_w.l(libshutdown2.o)
    0x0800027e   0x0800027e   0x00000000   Code   RO          318    .ARM.Collect$$libshutdown$$00000007  c_w.l(libshutdown2.o)
    0x0800027e   0x0800027e   0x00000000   Code   RO          321    .ARM.Collect$$libshutdown$$0000000A  c_w.l(libshutdown2.o)
    0x0800027e   0x0800027e   0x00000000   Code   RO          323    .ARM.Collect$$libshutdown$$0000000C  c_w.l(libshutdown2.o)
    0x0800027e   0x0800027e   0x00000000   Code   RO          326    .ARM.Collect$$libshutdown$$0000000F  c_w.l(libshutdown2.o)
    0x0800027e   0x0800027e   0x00000002   Code   RO          327    .ARM.Collect$$libshutdown$$00000010  c_w.l(libshutdown2.o)
    0x08000280   0x08000280   0x00000000   Code   RO          203    .ARM.Collect$$rtentry$$00000000  c_w.l(__rtentry.o)
    0x08000280   0x08000280   0x00000000   Code   RO          207    .ARM.Collect$$rtentry$$00000002  c_w.l(__rtentry2.o)
    0x08000280   0x08000280   0x00000006   Code   RO          219    .ARM.Collect$$rtentry$$00000004  c_w.l(__rtentry4.o)
    0x08000286   0x08000286   0x00000000   Code   RO          209    .ARM.Collect$$rtentry$$00000009  c_w.l(__rtentry2.o)
    0x08000286   0x08000286   0x00000004   Code   RO          210    .ARM.Collect$$rtentry$$0000000A  c_w.l(__rtentry2.o)
    0x0800028a   0x0800028a   0x00000000   Code   RO          212    .ARM.Collect$$rtentry$$0000000C  c_w.l(__rtentry2.o)
    0x0800028a   0x0800028a   0x00000008   Code   RO          213    .ARM.Collect$$rtentry$$0000000D  c_w.l(__rtentry2.o)
    0x08000292   0x08000292   0x00000002   Code   RO          234    .ARM.Collect$$rtexit$$00000000  c_w.l(rtexit.o)
    0x08000294   0x08000294   0x00000000   Code   RO          282    .ARM.Collect$$rtexit$$00000002  c_w.l(rtexit2.o)
    0x08000294   0x08000294   0x00000004   Code   RO          283    .ARM.Collect$$rtexit$$00000003  c_w.l(rtexit2.o)
    0x08000298   0x08000298   0x00000006   Code   RO          284    .ARM.Collect$$rtexit$$00000004  c_w.l(rtexit2.o)
    0x0800029e   0x0800029e   0x00000002   PAD
    0x080002a0   0x080002a0   0x00000038   Code   RO          120  * .text               startup_xmc4800.o
    0x080002d8   0x080002d8   0x0000008a   Code   RO          197    .text               c_w.l(rt_memcpy_v6.o)
    0x08000362   0x08000362   0x00000006   Code   RO          199    .text               c_w.l(heapauxi.o)
    0x08000368   0x08000368   0x00000064   Code   RO          204    .text               c_w.l(rt_memcpy_w.o)
    0x080003cc   0x080003cc   0x0000004a   Code   RO          221    .text               c_w.l(sys_stackheap_outer.o)
    0x08000416   0x08000416   0x00000012   Code   RO          223    .text               c_w.l(exit.o)
    0x08000428   0x08000428   0x00000008   Code   RO          231    .text               c_w.l(libspace.o)
    0x08000430   0x08000430   0x0000000c   Code   RO          292    .text               c_w.l(sys_exit.o)
    0x0800043c   0x0800043c   0x00000002   Code   RO          303    .text               c_w.l(use_no_semi.o)
    0x0800043e   0x0800043e   0x00000000   Code   RO          305    .text               c_w.l(indicate_semi.o)
    0x0800043e   0x0800043e   0x00000002   PAD
    0x08000440   0x08000440   0x0000002c   Code   RO           71    i.BISS_vSensorModeSingle  bissc.o
    0x0800046c   0x0800046c   0x00000008   Code   RO          127    i.OSCHP_GetFrequency  system_xmc4800.o
    0x08000474   0x08000474   0x000002ec   Code   RO          128    i.SystemCoreClockSetup  system_xmc4800.o
    0x08000760   0x08000760   0x000000a4   Code   RO          129    i.SystemCoreClockUpdate  system_xmc4800.o
    0x08000804   0x08000804   0x00000058   Code   RO          130    i.SystemCoreSetup   system_xmc4800.o
    0x0800085c   0x0800085c   0x0000001c   Code   RO          131    i.SystemInit        system_xmc4800.o
    0x08000878   0x08000878   0x00000220   Code   RO           72    i.bissc_init        bissc.o
    0x08000a98   0x08000a98   0x00000128   Code   RO           73    i.bissc_read        bissc.o
    0x08000bc0   0x08000bc0   0x00000018   Code   RO          132    i.delay             system_xmc4800.o
    0x08000bd8   0x08000bd8   0x00000028   Code   RO           74    i.fast_crc6         bissc.o
    0x08000c00   0x08000c00   0x000000ac   Code   RO            4    i.main              main.o
    0x08000cac   0x08000cac   0x0000000a   Code   RO          290    x$fpl$fpinit        fz_wm.l(fpinit.o)
    0x08000cb6   0x08000cb6   0x00000002   PAD
    0x08000cb8   0x08000cb8   0x00000020   Data   RO          358    Region$$Table       anon$$obj.o


    Execution Region ER_RW (Exec base: 0x20000000, Load base: 0x08000cd8, Size: 0x00000060, Max: 0xffffffff, ABSOLUTE)

    Exec Addr    Load Addr    Size         Type   Attr      Idx    E Section Name        Object

    0x20000000   0x08000cd8   0x0000001d   Data   RW            6    .data               main.o
    0x2000001d   0x08000cf5   0x00000040   Data   RW           75    .data               bissc.o


    Execution Region ER_ZI (Exec base: 0x20000060, Load base: 0x08000d38, Size: 0x00000a80, Max: 0xffffffff, ABSOLUTE)

    Exec Addr    Load Addr    Size         Type   Attr      Idx    E Section Name        Object

    0x20000060        -       0x0000001c   Zero   RW            5    .bss                main.o
    0x2000007c        -       0x00000060   Zero   RW          232    .bss                c_w.l(libspace.o)
    0x200000dc   0x08000d38   0x00000004   PAD
    0x200000e0        -       0x00000200   Zero   RW          118    HEAP                startup_xmc4800.o
    0x200002e0        -       0x00000800   Zero   RW          117    STACK               startup_xmc4800.o



  Load Region LR$$.ARM.__AT_0x2003FFC0 (Base: 0x2003ffc0, Size: 0x00000000, Max: 0x00000004, ABSOLUTE)

    Execution Region ER$$.ARM.__AT_0x2003FFC0 (Exec base: 0x2003ffc0, Load base: 0x2003ffc0, Size: 0x00000004, Max: 0x00000004, ABSOLUTE, UNINIT)

    Exec Addr    Load Addr    Size         Type   Attr      Idx    E Section Name        Object

    0x2003ffc0        -       0x00000004   Zero   RW          133    .ARM.__AT_0x2003FFC0  system_xmc4800.o



  Load Region LR$$.ARM.__AT_0x2003FFC4 (Base: 0x2003ffc4, Size: 0x00000000, Max: 0x00000010, ABSOLUTE)

    Execution Region ER$$.ARM.__AT_0x2003FFC4 (Exec base: 0x2003ffc4, Load base: 0x2003ffc4, Size: 0x00000010, Max: 0x00000010, ABSOLUTE, UNINIT)

    Exec Addr    Load Addr    Size         Type   Attr      Idx    E Section Name        Object

    0x2003ffc4        -       0x00000010   Zero   RW          134    .ARM.__AT_0x2003FFC4  system_xmc4800.o


==============================================================================

Image component sizes


      Code (inc. data)   RO Data    RW Data    ZI Data      Debug   Object Name

       924         56          0         64          0       3120   bissc.o
       172         32          0         29         28       6583   main.o
        56         32        512          0       2560        472   startup_xmc4800.o
      1060        108          0          0         20       7894   system_xmc4800.o

    ----------------------------------------------------------------------
      2212        228        544         96       2608      18069   Object Totals
         0          0         32          0          0          0   (incl. Generated)
         0          0          0          3          0          0   (incl. Padding)

    ----------------------------------------------------------------------

      Code (inc. data)   RO Data    RW Data    ZI Data      Debug   Library Member Name

         8          0          0          0          0         68   __main.o
         0          0          0          0          0          0   __rtentry.o
        12          0          0          0          0          0   __rtentry2.o
         6          0          0          0          0          0   __rtentry4.o
        52          8          0          0          0          0   __scatter.o
        26          0          0          0          0          0   __scatter_copy.o
        28          0          0          0          0          0   __scatter_zi.o
        18          0          0          0          0         80   exit.o
         6          0          0          0          0        152   heapauxi.o
         0          0          0          0          0          0   indicate_semi.o
         2          0          0          0          0          0   libinit.o
         6          0          0          0          0          0   libinit2.o
         2          0          0          0          0          0   libshutdown.o
         2          0          0          0          0          0   libshutdown2.o
         8          4          0          0         96         68   libspace.o
       138          0          0          0          0         68   rt_memcpy_v6.o
       100          0          0          0          0         80   rt_memcpy_w.o
         2          0          0          0          0          0   rtexit.o
        10          0          0          0          0          0   rtexit2.o
        12          4          0          0          0         68   sys_exit.o
        74          0          0          0          0         80   sys_stackheap_outer.o
         2          0          0          0          0         68   use_no_semi.o
        10          0          0          0          0        116   fpinit.o

    ----------------------------------------------------------------------
       532         16          0          0        100        848   Library Totals
         8          0          0          0          4          0   (incl. Padding)

    ----------------------------------------------------------------------

      Code (inc. data)   RO Data    RW Data    ZI Data      Debug   Library Name

       514         16          0          0         96        732   c_w.l
        10          0          0          0          0        116   fz_wm.l

    ----------------------------------------------------------------------
       532         16          0          0        100        848   Library Totals

    ----------------------------------------------------------------------

==============================================================================


      Code (inc. data)   RO Data    RW Data    ZI Data      Debug   

      2744        244        544         96       2708      17857   Grand Totals
      2744        244        544         96       2708      17857   ELF Image Totals
      2744        244        544         96          0          0   ROM Totals

==============================================================================

    Total RO  Size (Code + RO Data)                 3288 (   3.21kB)
    Total RW  Size (RW Data + ZI Data)              2804 (   2.74kB)
    Total ROM Size (Code + RO Data + RW Data)       3384 (   3.30kB)

==============================================================================

